Success: [{"id":3,"title":"Semana Joven","description":"Iglesia 21","category":"RECREATIVO","typeTag":"Evangelismo","startDate":"2026-07-15","timeSlot":"19:30","location":"Iglesia","maxSpots":5,"status":"En Curso","imageUrl":"/uploads/eventos/1784162775454-620490465.png","pdfUrl":"/uploads/eventos/1784162794908-414685077.pdf","createdAt":"2026-07-04T00:26:16.110Z"},{"id":1,"title":"JA MATCH","description":"Eventos deportivos de iglesias de la region","category":"DEPORTE","typeTag":"Torneo de Fútbol","startDate":"2026-07-01","timeSlot":"03:00","location":"Cancha Litoral","maxSpots":5,"status":"Abierto","imageUrl":"/uploads/eventos/1785078877604-930326129.jpg","pdfUrl":"/uploads/eventos/1785078924367-201416539.pdf","createdAt":"2026-07-01T19:57:30.361Z"}]